org.apache.uima.resource.ResourceInitializationException: Initialization of annotator class "org.apache.ctakes.core.ae.SentenceDetectorAnnotatorBIO" failed.  (Descriptor: <unknown>)
	at org.apache.uima.analysis_engine.impl.PrimitiveAnalysisEngine_impl.initializeAnalysisComponent(PrimitiveAnalysisEngine_impl.java:252)
	at org.apache.uima.analysis_engine.impl.PrimitiveAnalysisEngine_impl.initialize(PrimitiveAnalysisEngine_impl.java:167)
	at org.apache.uima.impl.AnalysisEngineFactory_impl.produceResource(AnalysisEngineFactory_impl.java:97)
	at org.apache.uima.impl.CompositeResourceFactory_impl.produceResource(CompositeResourceFactory_impl.java:64)
	at org.apache.uima.UIMAFramework.produceResource(UIMAFramework.java:284)
	at org.apache.uima.UIMAFramework.produceAnalysisEngine(UIMAFramework.java:410)
	at org.apache.uima.analysis_engine.asb.impl.ASB_impl.setup(ASB_impl.java:259)
	at org.apache.uima.analysis_engine.impl.AggregateAnalysisEngine_impl.initASB(AggregateAnalysisEngine_impl.java:448)
	at org.apache.uima.analysis_engine.impl.AggregateAnalysisEngine_impl.initializeAggregateAnalysisEngine(AggregateAnalysisEngine_impl.java:389)
	at org.apache.uima.analysis_engine.impl.AggregateAnalysisEngine_impl.initialize(AggregateAnalysisEngine_impl.java:191)
	at org.apache.uima.impl.AnalysisEngineFactory_impl.produceResource(AnalysisEngineFactory_impl.java:97)
	at org.apache.uima.impl.CompositeResourceFactory_impl.produceResource(CompositeResourceFactory_impl.java:64)
	at org.apache.uima.UIMAFramework.produceResource(UIMAFramework.java:284)
	at org.apache.uima.UIMAFramework.produceAnalysisEngine(UIMAFramework.java:410)
	at org.apache.uima.analysis_engine.asb.impl.ASB_impl.setup(ASB_impl.java:259)
	at org.apache.uima.analysis_engine.impl.AggregateAnalysisEngine_impl.initASB(AggregateAnalysisEngine_impl.java:448)
	at org.apache.uima.analysis_engine.impl.AggregateAnalysisEngine_impl.initializeAggregateAnalysisEngine(AggregateAnalysisEngine_impl.java:389)
	at org.apache.uima.analysis_engine.impl.AggregateAnalysisEngine_impl.initialize(AggregateAnalysisEngine_impl.java:191)
	at org.apache.uima.impl.AnalysisEngineFactory_impl.produceResource(AnalysisEngineFactory_impl.java:97)
	at org.apache.uima.impl.CompositeResourceFactory_impl.produceResource(CompositeResourceFactory_impl.java:64)
	at org.apache.uima.UIMAFramework.produceResource(UIMAFramework.java:284)
	at org.apache.uima.UIMAFramework.produceResource(UIMAFramework.java:334)
	at org.apache.uima.UIMAFramework.produceAnalysisEngine(UIMAFramework.java:449)
	at org.apache.uima.fit.pipeline.SimplePipeline.runPipeline(SimplePipeline.java:183)
	at org.apache.ctakes.core.pipeline.PipelineBuilder.run(PipelineBuilder.java:412)
	at org.apache.ctakes.core.pipeline.PiperFileRunner.run(PiperFileRunner.java:115)
	at org.apache.ctakes.core.pipeline.PiperFileRunner.main(PiperFileRunner.java:52)
Caused by: org.apache.uima.resource.ResourceInitializationException
	at org.apache.uima.analysis_engine.impl.AnalysisEngineImplBase.callInitializeMethod(AnalysisEngineImplBase.java:661)
	at org.apache.uima.analysis_engine.impl.PrimitiveAnalysisEngine_impl.initializeAnalysisComponent(PrimitiveAnalysisEngine_impl.java:243)
	... 26 more
Caused by: java.lang.RuntimeException: ClassifierBuilder class read from manifest does not exist
	at org.cleartk.ml.jar.JarClassifierBuilder.fromManifest(JarClassifierBuilder.java:109)
	at org.cleartk.ml.jar.GenericJarClassifierFactory.createClassifier(GenericJarClassifierFactory.java:74)
	at org.cleartk.ml.jar.JarClassifierFactory.createClassifier(JarClassifierFactory.java:35)
	at org.cleartk.ml.CleartkAnnotator.initialize(CleartkAnnotator.java:135)
	at org.apache.ctakes.core.ae.SentenceDetectorAnnotatorBIO.initialize(SentenceDetectorAnnotatorBIO.java:83)
	at org.apache.uima.analysis_engine.impl.AnalysisEngineImplBase.lambda$callInitializeMethod$2(AnalysisEngineImplBase.java:658)
	at org.apache.uima.analysis_engine.impl.AnalysisEngineImplBase.withContexts(AnalysisEngineImplBase.java:688)
	at org.apache.uima.analysis_engine.impl.AnalysisEngineImplBase.callInitializeMethod(AnalysisEngineImplBase.java:658)
	... 27 more
Caused by: java.lang.ClassNotFoundException: Could not find class [org.cleartk.ml.liblinear.LibLinearStringOutcomeClassifierBuilder] in any of these classloaders:
- jdk.internal.loader.ClassLoaders$AppClassLoader@639fee48
- jdk.internal.loader.ClassLoaders$AppClassLoader@639fee48

	at org.cleartk.util.ClassLookup.lookupClass(ClassLookup.java:64)
	at org.cleartk.ml.jar.JarClassifierBuilder.fromManifest(JarClassifierBuilder.java:106)
	... 34 more
